Running ExUnit with seed: 0, max_cases: 20, remaining_runs: 5
Excluding tags: [:test]
Including tags: [location: {"test/jido/actor/scheduled_occurrence_test.exs", 33}]

.
Finished in 1.6 seconds (0.00s async, 1.6s sync)

Result: 1 passed, 4 excluded
Running ExUnit with seed: 0, max_cases: 20, remaining_runs: 4
Excluding tags: [:test]
Including tags: [location: {"test/jido/actor/scheduled_occurrence_test.exs", 33}]

.
Finished in 1.9 seconds (0.00s async, 1.9s sync)

Result: 1 passed, 4 excluded
Running ExUnit with seed: 0, max_cases: 20, remaining_runs: 3
Excluding tags: [:test]
Including tags: [location: {"test/jido/actor/scheduled_occurrence_test.exs", 33}]

.
Finished in 1.9 seconds (0.00s async, 1.9s sync)

Result: 1 passed, 4 excluded
Running ExUnit with seed: 0, max_cases: 20, remaining_runs: 2
Excluding tags: [:test]
Including tags: [location: {"test/jido/actor/scheduled_occurrence_test.exs", 33}]

.
Finished in 1.9 seconds (0.00s async, 1.9s sync)

Result: 1 passed, 4 excluded
Running ExUnit with seed: 0, max_cases: 20, remaining_runs: 1
Excluding tags: [:test]
Including tags: [location: {"test/jido/actor/scheduled_occurrence_test.exs", 33}]

.
Finished in 1.9 seconds (0.00s async, 1.9s sync)

Result: 1 passed, 4 excluded
Running ExUnit with seed: 0, max_cases: 20, remaining_runs: 0
Excluding tags: [:test]
Including tags: [location: {"test/jido/actor/scheduled_occurrence_test.exs", 33}]

.
Finished in 2.0 seconds (0.00s async, 2.0s sync)

Result: 1 passed, 4 excluded
