==> toml
Compiling 10 files (.ex)
     warning: using single-quoted strings to represent charlists is deprecated.
     Use ~c"" if you indeed want a charlist or use "" instead.
     You may run "mix format --migrate" to change all single-quoted
     strings to use the ~c sigil and fix this warning.
     │
 264 │   defp handle_token(lexer, original, doc, type, skip, _data, lines) when type in '-_' do
     │                                                                                  ~
     │
     └─ lib/decoder.ex:264:82

     warning: using single-quoted strings to represent charlists is deprecated.
     Use ~c"" if you indeed want a charlist or use "" instead.
     You may run "mix format --migrate" to change all single-quoted
     strings to use the ~c sigil and fix this warning.
     │
 371 │       {:ok, {type, _skip, _data, _lines}} when type in '-+' ->
     │                                                        ~
     │
     └─ lib/decoder.ex:371:56

     warning: using single-quoted strings to represent charlists is deprecated.
     Use ~c"" if you indeed want a charlist or use "" instead.
     You may run "mix format --migrate" to change all single-quoted
     strings to use the ~c sigil and fix this warning.
     │
 419 │           {:ok, {:alpha, _, <<c::utf8>>, _}} when c in 'eE' ->
     │                                                        ~
     │
     └─ lib/decoder.ex:419:56

     warning: using single-quoted strings to represent charlists is deprecated.
     Use ~c"" if you indeed want a charlist or use "" instead.
     You may run "mix format --migrate" to change all single-quoted
     strings to use the ~c sigil and fix this warning.
     │
 474 │       {:ok, {:alpha, _, <<c::utf8>>, _}} when c in 'eE' ->
     │                                                    ~
     │
     └─ lib/decoder.ex:474:52

     warning: using single-quoted strings to represent charlists is deprecated.
     Use ~c"" if you indeed want a charlist or use "" instead.
     You may run "mix format --migrate" to change all single-quoted
     strings to use the ~c sigil and fix this warning.
     │
 514 │       {:ok, {sign, _, _, _}} when sign in '-+' and last == ?e ->
     │                                           ~
     │
     └─ lib/decoder.ex:514:43

     warning: using single-quoted strings to represent charlists is deprecated.
     Use ~c"" if you indeed want a charlist or use "" instead.
     You may run "mix format --migrate" to change all single-quoted
     strings to use the ~c sigil and fix this warning.
     │
 518 │       {:ok, {:alpha, _, <<c::utf8>>, _}} when c in 'eE' and signal == ?. ->
     │                                                    ~
     │
     └─ lib/decoder.ex:518:52

     warning: using single-quoted strings to represent charlists is deprecated.
     Use ~c"" if you indeed want a charlist or use "" instead.
     You may run "mix format --migrate" to change all single-quoted
     strings to use the ~c sigil and fix this warning.
     │
 522 │       {:ok, {?_, skip, _, lines}} when last not in '_e.' ->
     │                                                    ~
     │
     └─ lib/decoder.ex:522:52

     warning: using single-quoted strings to represent charlists is deprecated.
     Use ~c"" if you indeed want a charlist or use "" instead.
     You may run "mix format --migrate" to change all single-quoted
     strings to use the ~c sigil and fix this warning.
     │
 538 │       {:ok, {type, skip, data, lines}} when last in 'e.' ->
     │                                                     ~
     │
     └─ lib/decoder.ex:538:53

     warning: using single-quoted strings to represent charlists is deprecated.
     Use ~c"" if you indeed want a charlist or use "" instead.
     You may run "mix format --migrate" to change all single-quoted
     strings to use the ~c sigil and fix this warning.
     │
 542 │       {:ok, {_type, skip, _data, lines} = token} when last not in '_e.' ->
     │                                                                   ~
     │
     └─ lib/decoder.ex:542:67

     warning: using single-quoted strings to represent charlists is deprecated.
     Use ~c"" if you indeed want a charlist or use "" instead.
     You may run "mix format --migrate" to change all single-quoted
     strings to use the ~c sigil and fix this warning.
     │
 682 │         {:ok, {sign, _, _, _}} when sign in '-+' ->
     │                                             ~
     │
     └─ lib/decoder.ex:682:45

     warning: using single-quoted strings to represent charlists is deprecated.
     Use ~c"" if you indeed want a charlist or use "" instead.
     You may run "mix format --migrate" to change all single-quoted
     strings to use the ~c sigil and fix this warning.
     │
 796 │       {:ok, {sign, _, _, _}} when sign in '-+' ->
     │                                           ~
     │
     └─ lib/decoder.ex:796:43

     warning: using single-quoted strings to represent charlists is deprecated.
     Use ~c"" if you indeed want a charlist or use "" instead.
     You may run "mix format --migrate" to change all single-quoted
     strings to use the ~c sigil and fix this warning.
     │
 916 │         {:ok, {type, skip, _, lines}} when type in '-_' ->
     │                                                    ~
     │
     └─ lib/decoder.ex:916:52

     warning: using single-quoted strings to represent charlists is deprecated.
     Use ~c"" if you indeed want a charlist or use "" instead.
     You may run "mix format --migrate" to change all single-quoted
     strings to use the ~c sigil and fix this warning.
     │
 954 │               {:ok, {type, _, _, _}} when type in '-_' ->
     │                                                   ~
     │
     └─ lib/decoder.ex:954:51

     warning: using single-quoted strings to represent charlists is deprecated.
     Use ~c"" if you indeed want a charlist or use "" instead.
     You may run "mix format --migrate" to change all single-quoted
     strings to use the ~c sigil and fix this warning.
     │
 969 │       {:ok, {type, _, _, _}} when type in '-_' ->
     │                                           ~
     │
     └─ lib/decoder.ex:969:43

     warning: using single-quoted strings to represent charlists is deprecated.
     Use ~c"" if you indeed want a charlist or use "" instead.
     You may run "mix format --migrate" to change all single-quoted
     strings to use the ~c sigil and fix this warning.
     │
 983 │           {:ok, {type, _, _, _}} when type in '-_' ->
     │                                               ~
     │
     └─ lib/decoder.ex:983:47

     warning: the following clause will never match:

         {:datetime, {:error, :invalid_date}} ->

     it is expected to match on type:

         dynamic(
           {:date,
            ({:error, :invalid_date} and not {:ok, {integer(), integer(), integer()}}) or
              {:error, :incompatible_calendars or :invalid_format} or {:ok, %Date{}}} and
             not {:date, {:ok, %Date{}}}
         )

     type warning found at:
     │
 722 │       {:datetime, {:error, :invalid_date}} ->
     │       ~~~~~~~~~~~~~~~~~~~~~~~~~~~~~~~~~~~~~~~
     │
     └─ lib/decoder.ex:722: Toml.Decoder.datetime/3

     warning: the following clause will never match:

         {:datetime, {:error, reason}} ->

     it is expected to match on type:

         dynamic(
           {:date,
            ({:error, :invalid_date} and not {:ok, {integer(), integer(), integer()}}) or
              {:error, :incompatible_calendars or :invalid_format} or {:ok, %Date{}}} and
             not {:date, {:ok, %Date{}}}
         )

     type warning found at:
     │
 725 │       {:datetime, {:error, reason}} ->
     │       ~~~~~~~~~~~~~~~~~~~~~~~~~~~~~~~~
     │
     └─ lib/decoder.ex:725: Toml.Decoder.datetime/3

     warning: the following clause will never match:

         {:error, _, _, _} = err ->

     it is expected to match on type:

         dynamic(
           {:date,
            ({:error, :invalid_date} and not {:ok, {integer(), integer(), integer()}}) or
              {:error, :incompatible_calendars or :invalid_format} or {:ok, %Date{}}} and
             not {:date, {:ok, %Date{}}}
         )

     type warning found at:
     │
 728 │       {:error, _, _, _} = err ->
     │                         ~
     │
     └─ lib/decoder.ex:728:25: Toml.Decoder.datetime/3

     warning: the following clause will never match:

         {:ok, {type, skip, data, lines}} ->

     it is expected to match on type:

         dynamic(
           {:date,
            ({:error, :invalid_date} and not {:ok, {integer(), integer(), integer()}}) or
              {:error, :incompatible_calendars or :invalid_format} or {:ok, %Date{}}} and
             not {:date, {:ok, %Date{}}}
         )

     type warning found at:
     │
 731 │       {:ok, {type, skip, data, lines}} ->
     │       ~~~~~~~~~~~~~~~~~~~~~~~~~~~~~~~~~~~
     │
     └─ lib/decoder.ex:731: Toml.Decoder.datetime/3

Generated toml app
==> server_sent_events
Compiling 2 files (.ex)
Generated server_sent_events app
==> jido
===> Analyzing applications...
===> Compiling idna
==> websockex
Compiling 6 files (.ex)
     warning: the variable "size" is accessed inside size(...) of a bitstring but it was defined outside of the match. You must precede it with the pin operator
     │
 109 │     <<payload::bytes-size(size), rest::bitstring>> = remaining
     │                           ~
     │
     └─ lib/websockex/frame.ex:109:27: WebSockex.Frame.parse_frame/1

     warning: the variable "len" is accessed inside size(...) of a bitstring but it was defined outside of the match. You must precede it with the pin operator
     │
 125 │       <<payload::bytes-size(len), rest::bitstring>> = remaining
     │                             ~
     │
     └─ lib/websockex/frame.ex:125:29: WebSockex.Frame.parse_frame/1

     warning: the variable "len" is accessed inside size(...) of a bitstring but it was defined outside of the match. You must precede it with the pin operator
     │
 125 │       <<payload::bytes-size(len), rest::bitstring>> = remaining
     │                             ~
     │
     └─ lib/websockex/frame.ex:125:29: WebSockex.Frame.parse_frame/1

     warning: the variable "len" is accessed inside size(...) of a bitstring but it was defined outside of the match. You must precede it with the pin operator
     │
 145 │     <<payload::bytes-size(len), rest::bitstring>> = remaining
     │                           ~
     │
     └─ lib/websockex/frame.ex:145:27: WebSockex.Frame.parse_frame/1

     warning: the variable "len" is accessed inside size(...) of a bitstring but it was defined outside of the match. You must precede it with the pin operator
     │
 150 │     <<payload::bytes-size(len), rest::bitstring>> = remaining
     │                           ~
     │
     └─ lib/websockex/frame.ex:150:27: WebSockex.Frame.parse_frame/1

     warning: the variable "len" is accessed inside size(...) of a bitstring but it was defined outside of the match. You must precede it with the pin operator
     │
 155 │     <<payload::bytes-size(len), rest::bitstring>> = remaining
     │                           ~
     │
     └─ lib/websockex/frame.ex:155:27: WebSockex.Frame.parse_frame/1

     warning: the variable "len" is accessed inside size(...) of a bitstring but it was defined outside of the match. You must precede it with the pin operator
     │
 164 │       <<payload::bytes-size(len), rest::bitstring>> = remaining
     │                             ~
     │
     └─ lib/websockex/frame.ex:164:29: WebSockex.Frame.parse_frame/1

     warning: the variable "len" is accessed inside size(...) of a bitstring but it was defined outside of the match. You must precede it with the pin operator
     │
 171 │       <<payload::bytes-size(len), rest::bitstring>> = remaining
     │                             ~
     │
     └─ lib/websockex/frame.ex:171:29: WebSockex.Frame.parse_frame/1

     warning: the variable "len" is accessed inside size(...) of a bitstring but it was defined outside of the match. You must precede it with the pin operator
     │
 176 │       <<payload::bytes-size(len), rest::bitstring>> = remaining
     │                             ~
     │
     └─ lib/websockex/frame.ex:176:29: WebSockex.Frame.parse_frame/1

     warning: the variable "len" is accessed inside size(...) of a bitstring but it was defined outside of the match. You must precede it with the pin operator
     │
 164 │       <<payload::bytes-size(len), rest::bitstring>> = remaining
     │                             ~
     │
     └─ lib/websockex/frame.ex:164:29: WebSockex.Frame.parse_frame/1

     warning: the variable "len" is accessed inside size(...) of a bitstring but it was defined outside of the match. You must precede it with the pin operator
     │
 171 │       <<payload::bytes-size(len), rest::bitstring>> = remaining
     │                             ~
     │
     └─ lib/websockex/frame.ex:171:29: WebSockex.Frame.parse_frame/1

     warning: the variable "len" is accessed inside size(...) of a bitstring but it was defined outside of the match. You must precede it with the pin operator
     │
 176 │       <<payload::bytes-size(len), rest::bitstring>> = remaining
     │                             ~
     │
     └─ lib/websockex/frame.ex:176:29: WebSockex.Frame.parse_frame/1

     warning: the variable "len" is accessed inside size(...) of a bitstring but it was defined outside of the match. You must precede it with the pin operator
     │
 183 │     <<payload::bytes-size(len), rest::bitstring>> = remaining
     │                           ~
     │
     └─ lib/websockex/frame.ex:183:27: WebSockex.Frame.parse_frame/1

     warning: the variable "len" is accessed inside size(...) of a bitstring but it was defined outside of the match. You must precede it with the pin operator
     │
 188 │     <<payload::bytes-size(len), rest::bitstring>> = remaining
     │                           ~
     │
     └─ lib/websockex/frame.ex:188:27: WebSockex.Frame.parse_frame/1

     warning: the variable "len" is accessed inside size(...) of a bitstring but it was defined outside of the match. You must precede it with the pin operator
     │
 193 │     <<payload::bytes-size(len), rest::bitstring>> = remaining
     │                           ~
     │
     └─ lib/websockex/frame.ex:193:27: WebSockex.Frame.parse_frame/1

     warning: the variable "len" is accessed inside size(...) of a bitstring but it was defined outside of the match. You must precede it with the pin operator
     │
 199 │     <<payload::bytes-size(len), rest::bitstring>> = remaining
     │                           ~
     │
     └─ lib/websockex/frame.ex:199:27: WebSockex.Frame.parse_frame/1

     warning: the variable "len" is accessed inside size(...) of a bitstring but it was defined outside of the match. You must precede it with the pin operator
     │
 204 │     <<payload::bytes-size(len), rest::bitstring>> = remaining
     │                           ~
     │
     └─ lib/websockex/frame.ex:204:27: WebSockex.Frame.parse_frame/1

     warning: the variable "len" is accessed inside size(...) of a bitstring but it was defined outside of the match. You must precede it with the pin operator
     │
 209 │     <<payload::bytes-size(len), rest::bitstring>> = remaining
     │                           ~
     │
     └─ lib/websockex/frame.ex:209:27: WebSockex.Frame.parse_frame/1

     warning: the variable "len" is accessed inside size(...) of a bitstring but it was defined outside of the match. You must precede it with the pin operator
     │
 358 │     <<payload::bytes-size(len), rest::bitstring>> = remaining
     │                           ~
     │
     └─ lib/websockex/frame.ex:358:27: WebSockex.Frame.parse_text_payload/3

Generated websockex app
==> abnf_parsec
Compiling 4 files (.ex)
Generated abnf_parsec app
==> texture
Compiling 7 files (.ex)
Generated texture app
==> jido_action
Compiling 70 files (.ex)
Generated jido_action app
==> jsv
Compiling 74 files (.ex)
Generated jsv app
==> dotenvy
Compiling 3 files (.ex)
    warning: unused require Logger
    │
 20 │   require Logger
    │   ~
    │
    └─ lib/dotenvy.ex:20:3

Generated dotenvy app
==> llm_db
Compiling 63 files (.ex)
Generated llm_db app
==> req_llm
Compiling 205 files (.ex)
Generated req_llm app
==> jido
Compiling 95 files (.ex)
Generated jido app
