Running ExUnit with seed: 0, max_cases: 20
Excluding tags: [:skip]
Including tags: [:example, :integration, :flaky]

....................................................................................................................................................................................................................................................................................................................................................................................................................................................    warning: incompatible types given to Jido.Util.DeepMerge.merge/2:

        Jido.Util.DeepMerge.merge(%{}, :not_mergeable)

    given types:

        empty_map(), -:not_mergeable-

    but expected one of:

        (
          empty_list() or map() or non_empty_list(term(), term()),
          empty_list() or map() or non_empty_list(term(), term())
        )

    type warning found at:
    │
 52 │         DeepMerge.merge(%{}, :not_mergeable)
    │                   ~
    │
    └─ test/jido/util/deep_merge_test.exs:52:19: JidoTest.Util.DeepMergeTest."test merge/2 requires mergeable top-level inputs"/1

    warning: the following clause cannot match because the previous clauses already matched all possible values:

        _ ->

    it attempts to match on the result of:

        schema

    which has the already matched type:

        dynamic(%Zoi.Types.Struct{
          module: Jido.Observe.SpanCtx,
          fields:
            non_empty_list(
              {:event_prefix,
               %Zoi.Types.Array{
                 inner: %Zoi.Types.Atom{
                   meta: %Zoi.Types.Meta{
                     effects: empty_list(),
                     metadata: empty_list(),
                     required: nil,
                     error: nil,
                     description: nil,
                     example: nil,
                     typespec: nil,
                     deprecated: nil
                   }
                 },
                 min_length: nil,
                 max_length: nil,
                 length: nil,
                 unique_items: nil,
                 coerce: false,
                 meta: %Zoi.Types.Meta{
                   effects: empty_list(),
                   metadata: empty_list(),
                   required: true,
                   error: nil,
                   description: binary(),
                   example: nil,
                   typespec: nil,
                   deprecated: nil
                 }
               }} or
                {:metadata,
                 %Zoi.Types.Map{
                   key_type: %Zoi.Types.Any{
                     meta: %Zoi.Types.Meta{
                       effects: empty_list(),
                       metadata: empty_list(),
                       required: nil,
                       error: nil,
                       description: nil,
                       example: nil,
                       typespec: nil,
                       deprecated: nil
                     }
                   },
                   value_type: %Zoi.Types.Any{
                     meta: %Zoi.Types.Meta{
                       effects: empty_list(),
                       metadata: empty_list(),
                       required: nil,
                       error: nil,
                       description: nil,
                       example: nil,
                       typespec: nil,
                       deprecated: nil
                     }
                   },
                   fields: nil,
                   unrecognized_keys: :strip,
                   coerce: false,
                   empty_values: empty_list(),
                   meta: %Zoi.Types.Meta{
                     effects: empty_list(),
                     metadata: empty_list(),
                     required: true,
                     error: nil,
                     description: binary(),
                     example: nil,
                     typespec: nil,
                     deprecated: nil
                   }
                 }} or
                {:tracer_ctx,
                 %Zoi.Types.Any{
                   meta: %Zoi.Types.Meta{
                     effects: empty_list(),
                     metadata: empty_list(),
                     required: false,
                     error: nil,
                     description: binary(),
                     example: nil,
                     typespec: nil,
                     deprecated: nil
                   }
                 }} or
                {:tracer_module,
                 %Zoi.Types.Atom{
                   meta: %Zoi.Types.Meta{
                     effects: empty_list(),
                     metadata: empty_list(),
                     required: false,
                     error: nil,
                     description: binary(),
                     example: nil,
                     typespec: nil,
                     deprecated: nil
                   }
                 }} or
                {:start_system_time or :start_time,
                 %Zoi.Types.Integer{
                   gte: nil,
                   lte: nil,
                   gt: nil,
                   lt: nil,
                   multiple_of: nil,
                   coerce: false,
                   meta: %Zoi.Types.Meta{
                     effects: empty_list(),
                     metadata: empty_list(),
                     required: true,
                     error: nil,
                     description: binary(),
                     example: nil,
                     typespec: nil,
                     deprecated: nil
                   }
                 }}
            ),
          unrecognized_keys: :strip,
          coerce: true,
          empty_values: empty_list(),
          meta: %Zoi.Types.Meta{
            effects: empty_list(),
            metadata: empty_list(),
            required: nil,
            error: nil,
            description: nil,
            example: nil,
            typespec: nil,
            deprecated: nil
          }
        })

    type warning found at:
    │
 16 │       assert is_struct(schema)
    │       ~~~~~~~~~~~~~~~~~~~~~~~~
    │
    └─ test/jido/observe/span_ctx_test.exs:16: JidoTest.Observe.SpanCtxTest."test schema/0 returns the Zoi schema"/1

    warning: incompatible types given to Jido.Observe.SpanCtx.new!/1:

        Jido.Observe.SpanCtx.new!("not a map")

    given types:

        -binary()-

    but expected one of:

        map()

    type warning found at:
    │
 74 │         SpanCtx.new!("not a map")
    │                 ~
    │
    └─ test/jido/observe/span_ctx_test.exs:74:17: JidoTest.Observe.SpanCtxTest."test new!/1 raises on non-map input"/1

    warning: incompatible types given to Jido.ID.uuid7/2:

        Jido.ID.uuid7(1.0, <<0::integer-size(80)>>)

    given types:

        -float()-, binary()

    but expected one of:

        integer(), binary()

    type warning found at:
    │
 85 │         ID.uuid7(1.0, <<0::80>>)
    │            ~
    │
    └─ test/jido/id_test.exs:85:12: JidoTest.IDTest."test uuid7/2 rejects timestamps outside the 48-bit UUIDv7 range"/1

    warning: incompatible types given to Jido.ID.uuid7/2:

        Jido.ID.uuid7(0, :not_binary)

    given types:

        integer(), -:not_binary-

    but expected one of:

        integer(), binary()

    type warning found at:
    │
 99 │         ID.uuid7(0, :not_binary)
    │            ~
    │
    └─ test/jido/id_test.exs:99:12: JidoTest.IDTest."test uuid7/2 rejects random inputs that are not 80 bits"/1

..........................................................................................................................................................................
11:52:42.641 [warning] [signal.error] type=examples.jobs.settle error=%{message: "attempt result is stale", type: :validation_error, details: %{}, retryable?: false} duration=5.35ms
.
11:52:43.891 [warning] [signal.error] type=examples.jobs.settle error=%{message: "attempt result is stale", type: :validation_error, details: %{}, retryable?: false} duration=4.55ms
................................................
11:52:55.347 [warning] [signal.error] type=test.remote.hold error=%{message: "\"{:parent_down, :cancelled}\"", type: :internal, details: %{}, retryable?: true} duration=24.52ms

11:52:55.363 [warning] [signal.error] type=test.remote.hold error=%{message: "\"{:parent_down, :cancelled}\"", type: :internal, details: %{}, retryable?: true} duration=6.57ms
.
11:52:57.727 [warning] [directive.error] type=SpawnAgent error=%{message: "\"{:child_spawn_indeterminate, :worker, :\\\"jido_missing@127.0.0.1\\\", {4, #Reference<0.3643919249.518520833.145922>}, :noconnection}\"", type: :internal, details: %{}, retryable?: true} duration=13.18ms

11:52:57.732 [error] Agent Directive handling failed
.
11:52:59.810 [warning] [directive.error] type=SpawnAgent error=%{message: "\"{:spawn_agent_failed, {:invalid_agent_module, JidoTest.OnlyOriginAgent}}\"", type: :internal, details: %{}, retryable?: true} duration=9.95ms

11:52:59.814 [error] Agent Directive handling failed

11:52:59.829 [warning] [directive.error] type=SpawnAgent error=%{message: "\"{:spawn_agent_failed, :jido_instance_not_running}\"", type: :internal, details: %{}, retryable?: true} duration=5.65ms

11:52:59.829 [error] Agent Directive handling failed
.
11:53:01.125 [warning] [directive.error] type=SpawnAgent error=%{message: "\"{:spawn_agent_failed, {:child_identity_in_use, \\\"parent/worker\\\"}}\"", type: :internal, details: %{}, retryable?: true} duration=9.89ms

11:53:01.128 [error] Agent Directive handling failed

11:53:01.156 [warning] [directive.error] type=SpawnAgent error=%{message: "\"{:child_tag_in_use, :worker}\"", type: :internal, details: %{}, retryable?: true} duration=7μs

11:53:01.156 [error] Agent Directive handling failed
.
11:53:02.746 [warning] [directive.error] type=SpawnAgent error=%{message: "\"{:child_spawn_indeterminate, :worker, :\\\"jido_dist_b-44963-86489@127.0.0.1\\\", {4, #Reference<0.4101429597.2128871425.184993>}, :timeout}\"", type: :internal, details: %{}, retryab... duration=108.64ms

11:53:02.750 [error] Agent Directive handling failed

11:53:02.763 [warning] [directive.error] type=SpawnAgent error=%{message: "\"{:child_spawn_pending, :worker, :\\\"jido_dist_b-44963-86489@127.0.0.1\\\", {4, #Reference<0.4101429597.2128871425.184993>}}\"", type: :internal, details: %{}, retryable?: true} duration=19μs

11:53:02.763 [error] Agent Directive handling failed

11:53:02.864 [warning] [directive.error] type=SpawnAgent error=%{message: "\"{:child_spawn_indeterminate, :worker, :\\\"jido_dist_b-44963-86489@127.0.0.1\\\", {4, #Reference<0.4101429597.2128871425.184993>}, :timeout}\"", type: :internal, details: %{}, retryab... duration=100.42ms

11:53:02.865 [error] Agent Directive handling failed
.
11:53:04.292 [warning] [directive.error] type=SpawnAgent error=%{message: "\"{:child_spawn_indeterminate, :worker, :\\\"jido_dist_b-45027-86489@127.0.0.1\\\", {4, #Reference<0.477565626.2398093313.180613>}, :timeout}\"", type: :internal, details: %{}, retryabl... duration=106.85ms

11:53:04.294 [error] Agent Directive handling failed
....
11:53:09.943 [warning] [directive.error] type=SpawnAgent error=%{message: "\"{:child_spawn_indeterminate, :worker, :\\\"jido_dist_b-45283-86489@127.0.0.1\\\", {4, #Reference<0.3225009253.4008443905.170913>}, :timeout}\"", type: :internal, details: %{}, retryab... duration=104.98ms

11:53:09.946 [error] Agent Directive handling failed

11:53:10.012 [warning] [directive.error] type=SpawnAgent error=%{message: "\"{:spawn_agent_failed, :spawn_request_closed}\"", type: :internal, details: %{}, retryable?: true} duration=417μs

11:53:10.012 [error] Agent Directive handling failed
....
11:53:21.607 [warning] [signal.error] type=test.remote.hold error=%{message: "\"{:parent_down, :cancelled}\"", type: :internal, details: %{}, retryable?: true} duration=16.37ms

11:53:21.634 [warning] [directive.error] type=SpawnAgent error=%{message: "\"{:spawn_agent_failed, :spawn_request_closed}\"", type: :internal, details: %{}, retryable?: true} duration=299μs

11:53:21.637 [error] Agent Directive handling failed
.
11:53:23.014 [warning] [signal.error] type=test.remote.hold error=%{message: "\"{:parent_down, :cancelled}\"", type: :internal, details: %{}, retryable?: true} duration=26.15ms
...........................................................................................................................................................................................................
11:53:34.231 [warning] [directive.error] type=SpawnAgent error=%{message: "\"{:child_spawn_indeterminate, :worker, :\\\"jido_dist_b-64930-86489@127.0.0.1\\\", {14, #Reference<0.961427270.1860960257.84057>}, :timeout}\"", type: :internal, details: %{}, retryabl... duration=106.39ms

11:53:34.233 [error] Agent Directive handling failed

11:53:34.345 [warning] [directive.error] type=SpawnAgent error=%{message: "\"{:child_spawn_indeterminate, :worker, :\\\"jido_dist_b-64930-86489@127.0.0.1\\\", {14, #Reference<0.961427270.1860960257.84057>}, :timeout}\"", type: :internal, details: %{}, retryabl... duration=100.8ms

11:53:34.345 [error] Agent Directive handling failed
..
11:53:37.214 [warning] [directive.error] type=SpawnAgent error=%{message: "\"{:spawn_agent_failed, :jido_instance_not_running}\"", type: :internal, details: %{}, retryable?: true} duration=14.46ms

11:53:37.217 [error] Agent Directive handling failed
...........................................................................................................................
Finished in 158.5 seconds (94.9s async, 63.5s sync)

Result: 997 passed
