Compiling 185 files (.ex)
Compiling 2 files (.ex)
Generated jido app
Running ExUnit with seed: 0, max_cases: 20
Excluding tags: [:skip]
Including tags: [:example, :integration, :flaky]

.....................................................................................................................................................................................................................................................................................................................................................................................................................................................    warning: incompatible types given to Jido.Util.DeepMerge.merge/2:

        Jido.Util.DeepMerge.merge(%{}, :not_mergeable)

    given types:

        empty_map(), -:not_mergeable-

    but expected one of:

        (
          empty_list() or map() or non_empty_list(term(), term()),
          empty_list() or map() or non_empty_list(term(), term())
        )

    type warning found at:
    │
 52 │         DeepMerge.merge(%{}, :not_mergeable)
    │                   ~
    │
    └─ test/jido/util/deep_merge_test.exs:52:19: JidoTest.Util.DeepMergeTest."test merge/2 requires mergeable top-level inputs"/1

    warning: the following clause cannot match because the previous clauses already matched all possible values:

        _ ->

    it attempts to match on the result of:

        schema

    which has the already matched type:

        dynamic(%Zoi.Types.Struct{
          module: Jido.Observe.SpanCtx,
          fields:
            non_empty_list(
              {:event_prefix,
               %Zoi.Types.Array{
                 inner: %Zoi.Types.Atom{
                   meta: %Zoi.Types.Meta{
                     effects: empty_list(),
                     metadata: empty_list(),
                     required: nil,
                     error: nil,
                     description: nil,
                     example: nil,
                     typespec: nil,
                     deprecated: nil
                   }
                 },
                 min_length: nil,
                 max_length: nil,
                 length: nil,
                 unique_items: nil,
                 coerce: false,
                 meta: %Zoi.Types.Meta{
                   effects: empty_list(),
                   metadata: empty_list(),
                   required: true,
                   error: nil,
                   description: binary(),
                   example: nil,
                   typespec: nil,
                   deprecated: nil
                 }
               }} or
                {:metadata,
                 %Zoi.Types.Map{
                   key_type: %Zoi.Types.Any{
                     meta: %Zoi.Types.Meta{
                       effects: empty_list(),
                       metadata: empty_list(),
                       required: nil,
                       error: nil,
                       description: nil,
                       example: nil,
                       typespec: nil,
                       deprecated: nil
                     }
                   },
                   value_type: %Zoi.Types.Any{
                     meta: %Zoi.Types.Meta{
                       effects: empty_list(),
                       metadata: empty_list(),
                       required: nil,
                       error: nil,
                       description: nil,
                       example: nil,
                       typespec: nil,
                       deprecated: nil
                     }
                   },
                   fields: nil,
                   unrecognized_keys: :strip,
                   coerce: false,
                   empty_values: empty_list(),
                   meta: %Zoi.Types.Meta{
                     effects: empty_list(),
                     metadata: empty_list(),
                     required: true,
                     error: nil,
                     description: binary(),
                     example: nil,
                     typespec: nil,
                     deprecated: nil
                   }
                 }} or
                {:tracer_ctx,
                 %Zoi.Types.Any{
                   meta: %Zoi.Types.Meta{
                     effects: empty_list(),
                     metadata: empty_list(),
                     required: false,
                     error: nil,
                     description: binary(),
                     example: nil,
                     typespec: nil,
                     deprecated: nil
                   }
                 }} or
                {:tracer_module,
                 %Zoi.Types.Atom{
                   meta: %Zoi.Types.Meta{
                     effects: empty_list(),
                     metadata: empty_list(),
                     required: false,
                     error: nil,
                     description: binary(),
                     example: nil,
                     typespec: nil,
                     deprecated: nil
                   }
                 }} or
                {:start_system_time or :start_time,
                 %Zoi.Types.Integer{
                   gte: nil,
                   lte: nil,
                   gt: nil,
                   lt: nil,
                   multiple_of: nil,
                   coerce: false,
                   meta: %Zoi.Types.Meta{
                     effects: empty_list(),
                     metadata: empty_list(),
                     required: true,
                     error: nil,
                     description: binary(),
                     example: nil,
                     typespec: nil,
                     deprecated: nil
                   }
                 }}
            ),
          unrecognized_keys: :strip,
          coerce: true,
          empty_values: empty_list(),
          meta: %Zoi.Types.Meta{
            effects: empty_list(),
            metadata: empty_list(),
            required: nil,
            error: nil,
            description: nil,
            example: nil,
            typespec: nil,
            deprecated: nil
          }
        })

    type warning found at:
    │
 16 │       assert is_struct(schema)
    │       ~~~~~~~~~~~~~~~~~~~~~~~~
    │
    └─ test/jido/observe/span_ctx_test.exs:16: JidoTest.Observe.SpanCtxTest."test schema/0 returns the Zoi schema"/1

    warning: incompatible types given to Jido.Observe.SpanCtx.new!/1:

        Jido.Observe.SpanCtx.new!("not a map")

    given types:

        -binary()-

    but expected one of:

        map()

    type warning found at:
    │
 74 │         SpanCtx.new!("not a map")
    │                 ~
    │
    └─ test/jido/observe/span_ctx_test.exs:74:17: JidoTest.Observe.SpanCtxTest."test new!/1 raises on non-map input"/1

    warning: incompatible types given to Jido.ID.uuid7/2:

        Jido.ID.uuid7(1.0, <<0::integer-size(80)>>)

    given types:

        -float()-, binary()

    but expected one of:

        integer(), binary()

    type warning found at:
    │
 85 │         ID.uuid7(1.0, <<0::80>>)
    │            ~
    │
    └─ test/jido/id_test.exs:85:12: JidoTest.IDTest."test uuid7/2 rejects timestamps outside the 48-bit UUIDv7 range"/1

    warning: incompatible types given to Jido.ID.uuid7/2:

        Jido.ID.uuid7(0, :not_binary)

    given types:

        integer(), -:not_binary-

    but expected one of:

        integer(), binary()

    type warning found at:
    │
 99 │         ID.uuid7(0, :not_binary)
    │            ~
    │
    └─ test/jido/id_test.exs:99:12: JidoTest.IDTest."test uuid7/2 rejects random inputs that are not 80 bits"/1

.....................................................................................................................................................................................................
10:18:03.032 [warning] [signal.error] type=distributed.authority.record error=%{message: "\"{:persistence_failed, :conflict}\"", type: :internal, details: %{}, retryable?: true} duration=11.96ms
.

  1) test one logical identity has at most one live cluster owner (JidoTest.Agent.DistributedAuthorityTest)
     test/jido/agent/distributed_authority_test.exs:32
     match (=) failed
     The following variables were pinned:
       owner = #PID<87907.238.0>
     code:  assert {:error, {:agent_identity_owned, "authority", ^owner}} = start(c.peer_b, c, persistence)
     left:  {:error, {:agent_identity_owned, "authority", ^owner}}
     right: {:ok, #PID<87908.233.0>}
     stacktrace:
       test/jido/agent/distributed_authority_test.exs:36: (test)

.........
10:18:05.476 [warning] [signal.error] type=examples.jobs.settle error=%{message: "attempt result is stale", type: :validation_error, details: %{}, retryable?: false} duration=5.47ms
.
10:18:06.586 [warning] [signal.error] type=examples.jobs.settle error=%{message: "attempt result is stale", type: :validation_error, details: %{}, retryable?: false} duration=4.3ms
................
10:18:13.488 [warning] [signal.error] type=test.remote.hold error=%{message: "\"{:parent_down, :cancelled}\"", type: :internal, details: %{}, retryable?: true} duration=22.49ms

10:18:13.507 [warning] [signal.error] type=test.remote.hold error=%{message: "\"{:parent_down, :cancelled}\"", type: :internal, details: %{}, retryable?: true} duration=6.59ms
.
10:18:14.400 [warning] [directive.error] type=SpawnAgent error=%{message: "\"{:child_spawn_indeterminate, :worker, :\\\"jido_missing@127.0.0.1\\\", {4, #Reference<0.2046296300.4261937153.258368>}, :noconnection}\"", type: :internal, details: %{}, retryable?: t... duration=5.06ms

10:18:14.401 [error] Agent Directive handling failed
.
10:18:15.590 [warning] [directive.error] type=SpawnAgent error=%{message: "\"{:spawn_agent_failed, {:invalid_agent_module, JidoTest.OnlyOriginAgent}}\"", type: :internal, details: %{}, retryable?: true} duration=7.38ms

10:18:15.592 [error] Agent Directive handling failed

10:18:15.603 [warning] [directive.error] type=SpawnAgent error=%{message: "\"{:spawn_agent_failed, :jido_instance_not_running}\"", type: :internal, details: %{}, retryable?: true} duration=5.73ms

10:18:15.603 [error] Agent Directive handling failed
.
10:18:16.570 [warning] [directive.error] type=SpawnAgent error=%{message: "\"{:spawn_agent_failed, {:child_identity_in_use, \\\"parent/worker\\\"}}\"", type: :internal, details: %{}, retryable?: true} duration=7.94ms

10:18:16.572 [error] Agent Directive handling failed

10:18:16.591 [warning] [directive.error] type=SpawnAgent error=%{message: "\"{:child_tag_in_use, :worker}\"", type: :internal, details: %{}, retryable?: true} duration=4μs

10:18:16.591 [error] Agent Directive handling failed
.
10:18:17.578 [warning] [directive.error] type=SpawnAgent error=%{message: "\"{:child_spawn_indeterminate, :worker, :\\\"jido_dist_b-68676-11450@127.0.0.1\\\", {4, #Reference<0.2546832388.772538369.93792>}, :timeout}\"", type: :internal, details: %{}, retryable... duration=104.3ms

10:18:17.580 [error] Agent Directive handling failed

10:18:17.585 [warning] [directive.error] type=SpawnAgent error=%{message: "\"{:child_spawn_pending, :worker, :\\\"jido_dist_b-68676-11450@127.0.0.1\\\", {4, #Reference<0.2546832388.772538369.93792>}}\"", type: :internal, details: %{}, retryable?: true} duration=23μs

10:18:17.585 [error] Agent Directive handling failed

10:18:17.687 [warning] [directive.error] type=SpawnAgent error=%{message: "\"{:child_spawn_indeterminate, :worker, :\\\"jido_dist_b-68676-11450@127.0.0.1\\\", {4, #Reference<0.2546832388.772538369.93792>}, :timeout}\"", type: :internal, details: %{}, retryable... duration=101.07ms

10:18:17.687 [error] Agent Directive handling failed
.
10:18:18.781 [warning] [directive.error] type=SpawnAgent error=%{message: "\"{:child_spawn_indeterminate, :worker, :\\\"jido_dist_b-74210-11450@127.0.0.1\\\", {4, #Reference<0.503957893.1040973825.240831>}, :timeout}\"", type: :internal, details: %{}, retryabl... duration=104.29ms

10:18:18.784 [error] Agent Directive handling failed
....
10:18:22.678 [warning] [directive.error] type=SpawnAgent error=%{message: "\"{:child_spawn_indeterminate, :worker, :\\\"jido_dist_b-74338-11450@127.0.0.1\\\", {4, #Reference<0.4094298759.2114715649.186174>}, :timeout}\"", type: :internal, details: %{}, retryab... duration=104.07ms

10:18:22.680 [error] Agent Directive handling failed

10:18:22.729 [warning] [directive.error] type=SpawnAgent error=%{message: "\"{:spawn_agent_failed, :spawn_request_closed}\"", type: :internal, details: %{}, retryable?: true} duration=286μs

10:18:22.729 [error] Agent Directive handling failed
....
10:18:36.033 [warning] [signal.error] type=test.remote.hold error=%{message: "\"{:parent_down, :cancelled}\"", type: :internal, details: %{}, retryable?: true} duration=16.11ms

10:18:36.053 [warning] [directive.error] type=SpawnAgent error=%{message: "\"{:spawn_agent_failed, :spawn_request_closed}\"", type: :internal, details: %{}, retryable?: true} duration=316μs

10:18:36.054 [error] Agent Directive handling failed
.
10:18:37.068 [warning] [signal.error] type=test.remote.hold error=%{message: "\"{:parent_down, :cancelled}\"", type: :internal, details: %{}, retryable?: true} duration=16.11ms
............................................................................................................................................................................................
10:18:46.179 [warning] [directive.error] type=SpawnAgent error=%{message: "\"{:child_spawn_indeterminate, :worker, :\\\"jido_dist_b-80354-11450@127.0.0.1\\\", {14, #Reference<0.4111678587.4261675009.259639>}, :timeout}\"", type: :internal, details: %{}, retrya... duration=104.41ms

10:18:46.181 [error] Agent Directive handling failed

10:18:46.289 [warning] [directive.error] type=SpawnAgent error=%{message: "\"{:child_spawn_indeterminate, :worker, :\\\"jido_dist_b-80354-11450@127.0.0.1\\\", {14, #Reference<0.4111678587.4261675009.259639>}, :timeout}\"", type: :internal, details: %{}, retrya... duration=100.99ms

10:18:46.289 [error] Agent Directive handling failed
..
10:18:48.249 [warning] [directive.error] type=SpawnAgent error=%{message: "\"{:spawn_agent_failed, :jido_instance_not_running}\"", type: :internal, details: %{}, retryable?: true} duration=10.23ms

10:18:48.250 [error] Agent Directive handling failed
............................................................................................................................................
Finished in 150.9 seconds (93.0s async, 57.9s sync)

Result: 1005/1006 passed
Failed: 1 test
