Running ExUnit with seed: 0, max_cases: 20
Excluding tags: [:skip]
Including tags: [:example, :integration, :flaky]

.....................................................................................................................................................................................................................................................................................................................................................................................................................................................    warning: incompatible types given to Jido.Util.DeepMerge.merge/2:

        Jido.Util.DeepMerge.merge(%{}, :not_mergeable)

    given types:

        empty_map(), -:not_mergeable-

    but expected one of:

        (
          empty_list() or map() or non_empty_list(term(), term()),
          empty_list() or map() or non_empty_list(term(), term())
        )

    type warning found at:
    │
 52 │         DeepMerge.merge(%{}, :not_mergeable)
    │                   ~
    │
    └─ test/jido/util/deep_merge_test.exs:52:19: JidoTest.Util.DeepMergeTest."test merge/2 requires mergeable top-level inputs"/1

    warning: the following clause cannot match because the previous clauses already matched all possible values:

        _ ->

    it attempts to match on the result of:

        schema

    which has the already matched type:

        dynamic(%Zoi.Types.Struct{
          module: Jido.Observe.SpanCtx,
          fields:
            non_empty_list(
              {:event_prefix,
               %Zoi.Types.Array{
                 inner: %Zoi.Types.Atom{
                   meta: %Zoi.Types.Meta{
                     effects: empty_list(),
                     metadata: empty_list(),
                     required: nil,
                     error: nil,
                     description: nil,
                     example: nil,
                     typespec: nil,
                     deprecated: nil
                   }
                 },
                 min_length: nil,
                 max_length: nil,
                 length: nil,
                 unique_items: nil,
                 coerce: false,
                 meta: %Zoi.Types.Meta{
                   effects: empty_list(),
                   metadata: empty_list(),
                   required: true,
                   error: nil,
                   description: binary(),
                   example: nil,
                   typespec: nil,
                   deprecated: nil
                 }
               }} or
                {:metadata,
                 %Zoi.Types.Map{
                   key_type: %Zoi.Types.Any{
                     meta: %Zoi.Types.Meta{
                       effects: empty_list(),
                       metadata: empty_list(),
                       required: nil,
                       error: nil,
                       description: nil,
                       example: nil,
                       typespec: nil,
                       deprecated: nil
                     }
                   },
                   value_type: %Zoi.Types.Any{
                     meta: %Zoi.Types.Meta{
                       effects: empty_list(),
                       metadata: empty_list(),
                       required: nil,
                       error: nil,
                       description: nil,
                       example: nil,
                       typespec: nil,
                       deprecated: nil
                     }
                   },
                   fields: nil,
                   unrecognized_keys: :strip,
                   coerce: false,
                   empty_values: empty_list(),
                   meta: %Zoi.Types.Meta{
                     effects: empty_list(),
                     metadata: empty_list(),
                     required: true,
                     error: nil,
                     description: binary(),
                     example: nil,
                     typespec: nil,
                     deprecated: nil
                   }
                 }} or
                {:tracer_ctx,
                 %Zoi.Types.Any{
                   meta: %Zoi.Types.Meta{
                     effects: empty_list(),
                     metadata: empty_list(),
                     required: false,
                     error: nil,
                     description: binary(),
                     example: nil,
                     typespec: nil,
                     deprecated: nil
                   }
                 }} or
                {:tracer_module,
                 %Zoi.Types.Atom{
                   meta: %Zoi.Types.Meta{
                     effects: empty_list(),
                     metadata: empty_list(),
                     required: false,
                     error: nil,
                     description: binary(),
                     example: nil,
                     typespec: nil,
                     deprecated: nil
                   }
                 }} or
                {:start_system_time or :start_time,
                 %Zoi.Types.Integer{
                   gte: nil,
                   lte: nil,
                   gt: nil,
                   lt: nil,
                   multiple_of: nil,
                   coerce: false,
                   meta: %Zoi.Types.Meta{
                     effects: empty_list(),
                     metadata: empty_list(),
                     required: true,
                     error: nil,
                     description: binary(),
                     example: nil,
                     typespec: nil,
                     deprecated: nil
                   }
                 }}
            ),
          unrecognized_keys: :strip,
          coerce: true,
          empty_values: empty_list(),
          meta: %Zoi.Types.Meta{
            effects: empty_list(),
            metadata: empty_list(),
            required: nil,
            error: nil,
            description: nil,
            example: nil,
            typespec: nil,
            deprecated: nil
          }
        })

    type warning found at:
    │
 16 │       assert is_struct(schema)
    │       ~~~~~~~~~~~~~~~~~~~~~~~~
    │
    └─ test/jido/observe/span_ctx_test.exs:16: JidoTest.Observe.SpanCtxTest."test schema/0 returns the Zoi schema"/1

    warning: incompatible types given to Jido.Observe.SpanCtx.new!/1:

        Jido.Observe.SpanCtx.new!("not a map")

    given types:

        -binary()-

    but expected one of:

        map()

    type warning found at:
    │
 74 │         SpanCtx.new!("not a map")
    │                 ~
    │
    └─ test/jido/observe/span_ctx_test.exs:74:17: JidoTest.Observe.SpanCtxTest."test new!/1 raises on non-map input"/1

    warning: incompatible types given to Jido.ID.uuid7/2:

        Jido.ID.uuid7(1.0, <<0::integer-size(80)>>)

    given types:

        -float()-, binary()

    but expected one of:

        integer(), binary()

    type warning found at:
    │
 85 │         ID.uuid7(1.0, <<0::80>>)
    │            ~
    │
    └─ test/jido/id_test.exs:85:12: JidoTest.IDTest."test uuid7/2 rejects timestamps outside the 48-bit UUIDv7 range"/1

    warning: incompatible types given to Jido.ID.uuid7/2:

        Jido.ID.uuid7(0, :not_binary)

    given types:

        integer(), -:not_binary-

    but expected one of:

        integer(), binary()

    type warning found at:
    │
 99 │         ID.uuid7(0, :not_binary)
    │            ~
    │
    └─ test/jido/id_test.exs:99:12: JidoTest.IDTest."test uuid7/2 rejects random inputs that are not 80 bits"/1

.....................................................................................................................................................................................................
11:20:58.622 [warning] [signal.error] type=distributed.authority.record error=%{message: "\"{:persistence_failed, :conflict}\"", type: :internal, details: %{}, retryable?: true} duration=15.71ms
..........
11:21:00.969 [warning] [signal.error] type=examples.jobs.settle error=%{message: "attempt result is stale", type: :validation_error, details: %{}, retryable?: false} duration=22.22ms
.
11:21:03.345 [warning] [signal.error] type=examples.jobs.settle error=%{message: "attempt result is stale", type: :validation_error, details: %{}, retryable?: false} duration=4.27ms
................
11:21:12.340 [warning] [signal.error] type=test.remote.hold error=%{message: "\"{:parent_down, :cancelled}\"", type: :internal, details: %{}, retryable?: true} duration=26.62ms

11:21:12.359 [warning] [signal.error] type=test.remote.hold error=%{message: "\"{:parent_down, :cancelled}\"", type: :internal, details: %{}, retryable?: true} duration=5.99ms
.
11:21:13.428 [warning] [directive.error] type=SpawnAgent error=%{message: "\"{:child_spawn_indeterminate, :worker, :\\\"jido_missing@127.0.0.1\\\", {4, #Reference<0.3028767820.781975553.180891>}, :noconnection}\"", type: :internal, details: %{}, retryable?: true} duration=7.43ms

11:21:13.430 [error] Agent Directive handling failed
.
11:21:14.565 [warning] [directive.error] type=SpawnAgent error=%{message: "\"{:spawn_agent_failed, {:invalid_agent_module, JidoTest.OnlyOriginAgent}}\"", type: :internal, details: %{}, retryable?: true} duration=7.24ms

11:21:14.567 [error] Agent Directive handling failed

11:21:14.577 [warning] [directive.error] type=SpawnAgent error=%{message: "\"{:spawn_agent_failed, :jido_instance_not_running}\"", type: :internal, details: %{}, retryable?: true} duration=5.7ms

11:21:14.577 [error] Agent Directive handling failed
.
11:21:15.538 [warning] [directive.error] type=SpawnAgent error=%{message: "\"{:spawn_agent_failed, {:child_identity_in_use, \\\"parent/worker\\\"}}\"", type: :internal, details: %{}, retryable?: true} duration=9.7ms

11:21:15.540 [error] Agent Directive handling failed

11:21:15.561 [warning] [directive.error] type=SpawnAgent error=%{message: "\"{:child_tag_in_use, :worker}\"", type: :internal, details: %{}, retryable?: true} duration=4μs

11:21:15.561 [error] Agent Directive handling failed
.
11:21:16.569 [warning] [directive.error] type=SpawnAgent error=%{message: "\"{:child_spawn_indeterminate, :worker, :\\\"jido_dist_b-45956-62411@127.0.0.1\\\", {4, #Reference<0.1117109725.1587544065.121760>}, :timeout}\"", type: :internal, details: %{}, retryab... duration=103.63ms

11:21:16.571 [error] Agent Directive handling failed

11:21:16.578 [warning] [directive.error] type=SpawnAgent error=%{message: "\"{:child_spawn_pending, :worker, :\\\"jido_dist_b-45956-62411@127.0.0.1\\\", {4, #Reference<0.1117109725.1587544065.121760>}}\"", type: :internal, details: %{}, retryable?: true} duration=17μs

11:21:16.578 [error] Agent Directive handling failed

11:21:16.679 [warning] [directive.error] type=SpawnAgent error=%{message: "\"{:child_spawn_indeterminate, :worker, :\\\"jido_dist_b-45956-62411@127.0.0.1\\\", {4, #Reference<0.1117109725.1587544065.121760>}, :timeout}\"", type: :internal, details: %{}, retryab... duration=100.13ms

11:21:16.679 [error] Agent Directive handling failed
.
11:21:17.796 [warning] [directive.error] type=SpawnAgent error=%{message: "\"{:child_spawn_indeterminate, :worker, :\\\"jido_dist_b-45988-62411@127.0.0.1\\\", {4, #Reference<0.2660637257.1856241665.44081>}, :timeout}\"", type: :internal, details: %{}, retryabl... duration=104.16ms

11:21:17.798 [error] Agent Directive handling failed
....
11:21:22.082 [warning] [directive.error] type=SpawnAgent error=%{message: "\"{:child_spawn_indeterminate, :worker, :\\\"jido_dist_b-46212-62411@127.0.0.1\\\", {4, #Reference<0.1622474606.3197632513.129735>}, :timeout}\"", type: :internal, details: %{}, retryab... duration=105.66ms

11:21:22.084 [error] Agent Directive handling failed

11:21:22.135 [warning] [directive.error] type=SpawnAgent error=%{message: "\"{:spawn_agent_failed, :spawn_request_closed}\"", type: :internal, details: %{}, retryable?: true} duration=306μs

11:21:22.135 [error] Agent Directive handling failed
....
11:21:33.263 [warning] [signal.error] type=test.remote.hold error=%{message: "\"{:parent_down, :cancelled}\"", type: :internal, details: %{}, retryable?: true} duration=15.14ms

11:21:33.287 [warning] [directive.error] type=SpawnAgent error=%{message: "\"{:spawn_agent_failed, :spawn_request_closed}\"", type: :internal, details: %{}, retryable?: true} duration=285μs

11:21:33.289 [error] Agent Directive handling failed
.
11:21:34.292 [warning] [signal.error] type=test.remote.hold error=%{message: "\"{:parent_down, :cancelled}\"", type: :internal, details: %{}, retryable?: true} duration=15.34ms
..................................................................................................................................................................................................
11:21:42.200 [warning] [directive.error] type=SpawnAgent error=%{message: "\"{:child_spawn_indeterminate, :worker, :\\\"jido_dist_b-41827-62411@127.0.0.1\\\", {14, #Reference<0.4279317870.4271636481.12520>}, :timeout}\"", type: :internal, details: %{}, retryab... duration=104.52ms

11:21:42.201 [error] Agent Directive handling failed

11:21:42.309 [warning] [directive.error] type=SpawnAgent error=%{message: "\"{:child_spawn_indeterminate, :worker, :\\\"jido_dist_b-41827-62411@127.0.0.1\\\", {14, #Reference<0.4279317870.4271636481.12520>}, :timeout}\"", type: :internal, details: %{}, retryab... duration=100.28ms

11:21:42.309 [error] Agent Directive handling failed
..
11:21:44.293 [warning] [directive.error] type=SpawnAgent error=%{message: "\"{:spawn_agent_failed, :jido_instance_not_running}\"", type: :internal, details: %{}, retryable?: true} duration=11.7ms

11:21:44.294 [error] Agent Directive handling failed
......................................................................................................................................
Finished in 150.3 seconds (91.3s async, 58.9s sync)

Result: 1005 passed, 1 excluded
