Running ExUnit with seed: 0, max_cases: 20
Excluding tags: [:skip]
Including tags: [:example, :integration, :flaky]

...............................................................................................................................

  1) test the one-second schedule stays active when idle and completes jobs in order (JidoTest.Examples.Factory.WorkshopTest)
     test/examples/06_factory/06_02_three_agent_system/workshop_test.exs:105
     Assertion with == failed
     code:  assert state.active_job_id == "first"
     left:  "second"
     right: "first"
     stacktrace:
       test/examples/06_factory/06_02_three_agent_system/workshop_test.exs:126: (test)

........................................................................................................................................................................................................................................................................................................................    warning: incompatible types given to Jido.Util.DeepMerge.merge/2:

        Jido.Util.DeepMerge.merge(%{}, :not_mergeable)

    given types:

        empty_map(), -:not_mergeable-

    but expected one of:

        (
          empty_list() or map() or non_empty_list(term(), term()),
          empty_list() or map() or non_empty_list(term(), term())
        )

    type warning found at:
    │
 52 │         DeepMerge.merge(%{}, :not_mergeable)
    │                   ~
    │
    └─ test/jido/util/deep_merge_test.exs:52:19: JidoTest.Util.DeepMergeTest."test merge/2 requires mergeable top-level inputs"/1

    warning: the following clause cannot match because the previous clauses already matched all possible values:

        _ ->

    it attempts to match on the result of:

        schema

    which has the already matched type:

        dynamic(%Zoi.Types.Struct{
          module: Jido.Observe.SpanCtx,
          fields:
            non_empty_list(
              {:event_prefix,
               %Zoi.Types.Array{
                 inner: %Zoi.Types.Atom{
                   meta: %Zoi.Types.Meta{
                     effects: empty_list(),
                     metadata: empty_list(),
                     required: nil,
                     error: nil,
                     description: nil,
                     example: nil,
                     typespec: nil,
                     deprecated: nil
                   }
                 },
                 min_length: nil,
                 max_length: nil,
                 length: nil,
                 unique_items: nil,
                 coerce: false,
                 meta: %Zoi.Types.Meta{
                   effects: empty_list(),
                   metadata: empty_list(),
                   required: true,
                   error: nil,
                   description: binary(),
                   example: nil,
                   typespec: nil,
                   deprecated: nil
                 }
               }} or
                {:metadata,
                 %Zoi.Types.Map{
                   key_type: %Zoi.Types.Any{
                     meta: %Zoi.Types.Meta{
                       effects: empty_list(),
                       metadata: empty_list(),
                       required: nil,
                       error: nil,
                       description: nil,
                       example: nil,
                       typespec: nil,
                       deprecated: nil
                     }
                   },
                   value_type: %Zoi.Types.Any{
                     meta: %Zoi.Types.Meta{
                       effects: empty_list(),
                       metadata: empty_list(),
                       required: nil,
                       error: nil,
                       description: nil,
                       example: nil,
                       typespec: nil,
                       deprecated: nil
                     }
                   },
                   fields: nil,
                   unrecognized_keys: :strip,
                   coerce: false,
                   empty_values: empty_list(),
                   meta: %Zoi.Types.Meta{
                     effects: empty_list(),
                     metadata: empty_list(),
                     required: true,
                     error: nil,
                     description: binary(),
                     example: nil,
                     typespec: nil,
                     deprecated: nil
                   }
                 }} or
                {:tracer_ctx,
                 %Zoi.Types.Any{
                   meta: %Zoi.Types.Meta{
                     effects: empty_list(),
                     metadata: empty_list(),
                     required: false,
                     error: nil,
                     description: binary(),
                     example: nil,
                     typespec: nil,
                     deprecated: nil
                   }
                 }} or
                {:tracer_module,
                 %Zoi.Types.Atom{
                   meta: %Zoi.Types.Meta{
                     effects: empty_list(),
                     metadata: empty_list(),
                     required: false,
                     error: nil,
                     description: binary(),
                     example: nil,
                     typespec: nil,
                     deprecated: nil
                   }
                 }} or
                {:start_system_time or :start_time,
                 %Zoi.Types.Integer{
                   gte: nil,
                   lte: nil,
                   gt: nil,
                   lt: nil,
                   multiple_of: nil,
                   coerce: false,
                   meta: %Zoi.Types.Meta{
                     effects: empty_list(),
                     metadata: empty_list(),
                     required: true,
                     error: nil,
                     description: binary(),
                     example: nil,
                     typespec: nil,
                     deprecated: nil
                   }
                 }}
            ),
          unrecognized_keys: :strip,
          coerce: true,
          empty_values: empty_list(),
          meta: %Zoi.Types.Meta{
            effects: empty_list(),
            metadata: empty_list(),
            required: nil,
            error: nil,
            description: nil,
            example: nil,
            typespec: nil,
            deprecated: nil
          }
        })

    type warning found at:
    │
 16 │       assert is_struct(schema)
    │       ~~~~~~~~~~~~~~~~~~~~~~~~
    │
    └─ test/jido/observe/span_ctx_test.exs:16: JidoTest.Observe.SpanCtxTest."test schema/0 returns the Zoi schema"/1

    warning: incompatible types given to Jido.Observe.SpanCtx.new!/1:

        Jido.Observe.SpanCtx.new!("not a map")

    given types:

        -binary()-

    but expected one of:

        map()

    type warning found at:
    │
 74 │         SpanCtx.new!("not a map")
    │                 ~
    │
    └─ test/jido/observe/span_ctx_test.exs:74:17: JidoTest.Observe.SpanCtxTest."test new!/1 raises on non-map input"/1

    warning: incompatible types given to Jido.ID.uuid7/2:

        Jido.ID.uuid7(1.0, <<0::integer-size(80)>>)

    given types:

        -float()-, binary()

    but expected one of:

        integer(), binary()

    type warning found at:
    │
 85 │         ID.uuid7(1.0, <<0::80>>)
    │            ~
    │
    └─ test/jido/id_test.exs:85:12: JidoTest.IDTest."test uuid7/2 rejects timestamps outside the 48-bit UUIDv7 range"/1

    warning: incompatible types given to Jido.ID.uuid7/2:

        Jido.ID.uuid7(0, :not_binary)

    given types:

        integer(), -:not_binary-

    but expected one of:

        integer(), binary()

    type warning found at:
    │
 99 │         ID.uuid7(0, :not_binary)
    │            ~
    │
    └─ test/jido/id_test.exs:99:12: JidoTest.IDTest."test uuid7/2 rejects random inputs that are not 80 bits"/1

.................................................................................................................................................................................................
11:16:34.515 [warning] [signal.error] type=distributed.authority.record error=%{message: "\"{:persistence_failed, :conflict}\"", type: :internal, details: %{}, retryable?: true} duration=9.46ms
............
11:16:43.401 [warning] [signal.error] type=examples.jobs.settle error=%{message: "attempt result is stale", type: :validation_error, details: %{}, retryable?: false} duration=4.88ms
.
11:16:44.378 [warning] [signal.error] type=examples.jobs.settle error=%{message: "attempt result is stale", type: :validation_error, details: %{}, retryable?: false} duration=4.26ms
................
11:16:50.937 [warning] [signal.error] type=test.remote.hold error=%{message: "\"{:parent_down, :cancelled}\"", type: :internal, details: %{}, retryable?: true} duration=22.91ms

11:16:50.951 [warning] [signal.error] type=test.remote.hold error=%{message: "\"{:parent_down, :cancelled}\"", type: :internal, details: %{}, retryable?: true} duration=6.35ms
.
11:16:51.802 [warning] [directive.error] type=SpawnAgent error=%{message: "\"{:child_spawn_indeterminate, :worker, :\\\"jido_missing@127.0.0.1\\\", {4, #Reference<0.518934818.3466330113.91376>}, :noconnection}\"", type: :internal, details: %{}, retryable?: true} duration=3.84ms

11:16:51.804 [error] Agent Directive handling failed
.
11:16:52.870 [warning] [directive.error] type=SpawnAgent error=%{message: "\"{:spawn_agent_failed, {:invalid_agent_module, JidoTest.OnlyOriginAgent}}\"", type: :internal, details: %{}, retryable?: true} duration=6.89ms

11:16:52.872 [error] Agent Directive handling failed

11:16:52.882 [warning] [directive.error] type=SpawnAgent error=%{message: "\"{:spawn_agent_failed, :jido_instance_not_running}\"", type: :internal, details: %{}, retryable?: true} duration=5.05ms

11:16:52.882 [error] Agent Directive handling failed
.
11:16:53.804 [warning] [directive.error] type=SpawnAgent error=%{message: "\"{:spawn_agent_failed, {:child_identity_in_use, \\\"parent/worker\\\"}}\"", type: :internal, details: %{}, retryable?: true} duration=8.09ms

11:16:53.805 [error] Agent Directive handling failed

11:16:53.824 [warning] [directive.error] type=SpawnAgent error=%{message: "\"{:child_tag_in_use, :worker}\"", type: :internal, details: %{}, retryable?: true} duration=4μs

11:16:53.824 [error] Agent Directive handling failed
.
11:16:54.821 [warning] [directive.error] type=SpawnAgent error=%{message: "\"{:child_spawn_indeterminate, :worker, :\\\"jido_dist_b-53762-59877@127.0.0.1\\\", {4, #Reference<0.1262517582.4271374337.233418>}, :timeout}\"", type: :internal, details: %{}, retryab... duration=103.89ms

11:16:54.823 [error] Agent Directive handling failed

11:16:54.827 [warning] [directive.error] type=SpawnAgent error=%{message: "\"{:child_spawn_pending, :worker, :\\\"jido_dist_b-53762-59877@127.0.0.1\\\", {4, #Reference<0.1262517582.4271374337.233418>}}\"", type: :internal, details: %{}, retryable?: true} duration=16μs

11:16:54.827 [error] Agent Directive handling failed

11:16:54.929 [warning] [directive.error] type=SpawnAgent error=%{message: "\"{:child_spawn_indeterminate, :worker, :\\\"jido_dist_b-53762-59877@127.0.0.1\\\", {4, #Reference<0.1262517582.4271374337.233418>}, :timeout}\"", type: :internal, details: %{}, retryab... duration=100.73ms

11:16:54.929 [error] Agent Directive handling failed
.
11:16:55.970 [warning] [directive.error] type=SpawnAgent error=%{message: "\"{:child_spawn_indeterminate, :worker, :\\\"jido_dist_b-40708-59877@127.0.0.1\\\", {4, #Reference<0.1503243310.512491521.182875>}, :timeout}\"", type: :internal, details: %{}, retryabl... duration=104.6ms

11:16:55.972 [error] Agent Directive handling failed
....
11:16:59.658 [warning] [directive.error] type=SpawnAgent error=%{message: "\"{:child_spawn_indeterminate, :worker, :\\\"jido_dist_b-53922-59877@127.0.0.1\\\", {4, #Reference<0.435105665.1318584321.133883>}, :timeout}\"", type: :internal, details: %{}, retryabl... duration=103.8ms

11:16:59.660 [error] Agent Directive handling failed

11:16:59.712 [warning] [directive.error] type=SpawnAgent error=%{message: "\"{:spawn_agent_failed, :spawn_request_closed}\"", type: :internal, details: %{}, retryable?: true} duration=324μs

11:16:59.712 [error] Agent Directive handling failed
...
11:17:02.583 [warning] [signal.error] type=test.remote.hold error=%{message: "\"{:parent_down, :cancelled}\"", type: :internal, details: %{}, retryable?: true} duration=15.82ms

11:17:02.606 [warning] [directive.error] type=SpawnAgent error=%{message: "\"{:spawn_agent_failed, :spawn_request_closed}\"", type: :internal, details: %{}, retryable?: true} duration=278μs

11:17:02.607 [error] Agent Directive handling failed
.
11:17:03.530 [warning] [signal.error] type=test.remote.hold error=%{message: "\"{:parent_down, :cancelled}\"", type: :internal, details: %{}, retryable?: true} duration=15.48ms
.....................................................................................................................................................................................
11:17:11.630 [warning] [directive.error] type=SpawnAgent error=%{message: "\"{:child_spawn_indeterminate, :worker, :\\\"jido_dist_b-41572-59877@127.0.0.1\\\", {14, #Reference<0.21523691.244842497.108664>}, :timeout}\"", type: :internal, details: %{}, retryable... duration=104.1ms

11:17:11.632 [error] Agent Directive handling failed

11:17:11.737 [warning] [directive.error] type=SpawnAgent error=%{message: "\"{:child_spawn_indeterminate, :worker, :\\\"jido_dist_b-41572-59877@127.0.0.1\\\", {14, #Reference<0.21523691.244842497.108664>}, :timeout}\"", type: :internal, details: %{}, retryable... duration=100.5ms

11:17:11.738 [error] Agent Directive handling failed
..
11:17:13.587 [warning] [directive.error] type=SpawnAgent error=%{message: "\"{:spawn_agent_failed, :jido_instance_not_running}\"", type: :internal, details: %{}, retryable?: true} duration=10.44ms

11:17:13.589 [error] Agent Directive handling failed
...................................................................................................................................................
Finished in 148.3 seconds (95.4s async, 52.8s sync)

Result: 1004/1005 passed, 1 excluded
Failed: 1 test
