Waiting for lock on the build directory (held by process 81995)
[warning] [directive.error] type=EmitToChild error=%{message: "\"{:child_not_found, :missing}\"", type: :internal, details: %{}, retryable?: true} duration=2.0ms span_id=01a06dd8-94a5-7e10-b8f7-6b72e07ad76c trace_id=01a06dd8-94a5-7803-bfdf-58382cffbb9e 
[error] Actor Directive handling failed signal_type=observation.missing_child 
SDK terminal events: [
  %{
    revision: 1,
    outcome: %{
      status: :ok,
      turn_id: "01a06dd8-9496-759a-b041-2e9d43853502",
      stage: :commit,
      committed?: true
    }
  },
  %{
    revision: 2,
    outcome: %{
      status: :error,
      turn_id: "01a06dd8-94a5-76cf-b616-4d718d90763d",
      stage: :directive,
      committed?: true
    }
  }
]
